// Jest Snapshot v1, https://goo.gl/fbAQLP

exports[`SCSS Bundle 1`] = `
"@font-face {
  font-weight: 300;
  font-family: \\"IBM Plex Mono\\";
  font-style: italic;
  src: local(\\"IBM Plex Mono Light Italic\\"), local(\\"IBMPlexMono-LightItalic\\"), url(https://fonts.gstatic.com/s/ibmplexmono/v4/-F6sfjptAgt5VM-kVkqdyU8n1ioSflV1gMoW.woff) format(\\"woff\\");
  font-display: auto;
}
@font-face {
  font-weight: 400;
  font-family: \\"IBM Plex Mono\\";
  font-style: italic;
  src: local(\\"IBM Plex Mono Italic\\"), local(\\"IBMPlexMono-Italic\\"), url(https://fonts.gstatic.com/s/ibmplexmono/v4/-F6pfjptAgt5VM-kVkqdyU8n1ioa1Xdm.woff) format(\\"woff\\");
  font-display: auto;
}
@font-face {
  font-weight: 600;
  font-family: \\"IBM Plex Mono\\";
  font-style: italic;
  src: local(\\"IBM Plex Mono SemiBold Italic\\"), local(\\"IBMPlexMono-SemiBoldItalic\\"), url(https://fonts.gstatic.com/s/ibmplexmono/v4/-F6sfjptAgt5VM-kVkqdyU8n1ioSClN1gMoW.woff) format(\\"woff\\");
  font-display: auto;
}
@font-face {
  font-weight: 300;
  font-family: \\"IBM Plex Mono\\";
  font-style: normal;
  src: local(\\"IBM Plex Mono Light\\"), local(\\"IBMPlexMono-Light\\"), url(https://fonts.gstatic.com/s/ibmplexmono/v4/-F6qfjptAgt5VM-kVkqdyU8n3oQIwlBFhA.woff) format(\\"woff\\");
  font-display: auto;
}
@font-face {
  font-weight: 400;
  font-family: \\"IBM Plex Mono\\";
  font-style: normal;
  src: local(\\"IBM Plex Mono\\"), local(\\"IBMPlexMono\\"), url(https://fonts.gstatic.com/s/ibmplexmono/v4/-F63fjptAgt5VM-kVkqdyU8n1i8q0Q.woff) format(\\"woff\\");
  font-display: auto;
}
@font-face {
  font-weight: 600;
  font-family: \\"IBM Plex Mono\\";
  font-style: normal;
  src: local(\\"IBM Plex Mono SemiBold\\"), local(\\"IBMPlexMono-SemiBold\\"), url(https://fonts.gstatic.com/s/ibmplexmono/v4/-F6qfjptAgt5VM-kVkqdyU8n3vAOwlBFhA.woff) format(\\"woff\\");
  font-display: auto;
}
/* cyrillic-ext */
@font-face {
  font-weight: 300;
  font-family: \\"IBM Plex Mono\\";
  font-style: italic;
  src: local(\\"IBM Plex Mono Light Italic\\"), local(\\"IBMPlexMono-LightItalic\\"), url(https://fonts.gstatic.com/s/ibmplexmono/v4/-F6sfjptAgt5VM-kVkqdyU8n1ioSflV1jcoQPttoz6Pz.woff2) format(\\"woff2\\");
  font-display: auto;
  unicode-range: U+0460-052F, U+1C80-1C88, U+20B4, U+2DE0-2DFF, U+A640-A69F, U+FE2E-FE2F;
}
/* cyrillic */
@font-face {
  font-weight: 300;
  font-family: \\"IBM Plex Mono\\";
  font-style: italic;
  src: local(\\"IBM Plex Mono Light Italic\\"), local(\\"IBMPlexMono-LightItalic\\"), url(https://fonts.gstatic.com/s/ibmplexmono/v4/-F6sfjptAgt5VM-kVkqdyU8n1ioSflV1hMoQPttoz6Pz.woff2) format(\\"woff2\\");
  font-display: auto;
  unicode-range: U+0400-045F, U+0490-0491, U+04B0-04B1, U+2116;
}
/* vietnamese */
@font-face {
  font-weight: 300;
  font-family: \\"IBM Plex Mono\\";
  font-style: italic;
  src: local(\\"IBM Plex Mono Light Italic\\"), local(\\"IBMPlexMono-LightItalic\\"), url(https://fonts.gstatic.com/s/ibmplexmono/v4/-F6sfjptAgt5VM-kVkqdyU8n1ioSflV1j8oQPttoz6Pz.woff2) format(\\"woff2\\");
  font-display: auto;
  unicode-range: U+0102-0103, U+0110-0111, U+1EA0-1EF9, U+20AB;
}
/* latin-ext */
@font-face {
  font-weight: 300;
  font-family: \\"IBM Plex Mono\\";
  font-style: italic;
  src: local(\\"IBM Plex Mono Light Italic\\"), local(\\"IBMPlexMono-LightItalic\\"), url(https://fonts.gstatic.com/s/ibmplexmono/v4/-F6sfjptAgt5VM-kVkqdyU8n1ioSflV1jsoQPttoz6Pz.woff2) format(\\"woff2\\");
  font-display: auto;
  unicode-range: U+0100-024F, U+0259, U+1E00-1EFF, U+2020, U+20A0-20AB, U+20AD-20CF, U+2113, U+2C60-2C7F, U+A720-A7FF;
}
/* latin */
@font-face {
  font-weight: 300;
  font-family: \\"IBM Plex Mono\\";
  font-style: italic;
  src: local(\\"IBM Plex Mono Light Italic\\"), local(\\"IBMPlexMono-LightItalic\\"), url(https://fonts.gstatic.com/s/ibmplexmono/v4/-F6sfjptAgt5VM-kVkqdyU8n1ioSflV1gMoQPttozw.woff2) format(\\"woff2\\");
  font-display: auto;
  unicode-range: U+0000-00FF, U+0131, U+0152-0153, U+02BB-02BC, U+02C6, U+02DA, U+02DC, U+2000-206F, U+2074, U+20AC, U+2122, U+2191, U+2193, U+2212, U+2215, U+FEFF, U+FFFD;
}
/* cyrillic-ext */
@font-face {
  font-weight: 400;
  font-family: \\"IBM Plex Mono\\";
  font-style: italic;
  src: local(\\"IBM Plex Mono Italic\\"), local(\\"IBMPlexMono-Italic\\"), url(https://fonts.gstatic.com/s/ibmplexmono/v4/-F6pfjptAgt5VM-kVkqdyU8n1ioa2HdgregdFOFh.woff2) format(\\"woff2\\");
  font-display: auto;
  unicode-range: U+0460-052F, U+1C80-1C88, U+20B4, U+2DE0-2DFF, U+A640-A69F, U+FE2E-FE2F;
}
/* cyrillic */
@font-face {
  font-weight: 400;
  font-family: \\"IBM Plex Mono\\";
  font-style: italic;
  src: local(\\"IBM Plex Mono Italic\\"), local(\\"IBMPlexMono-Italic\\"), url(https://fonts.gstatic.com/s/ibmplexmono/v4/-F6pfjptAgt5VM-kVkqdyU8n1ioa0XdgregdFOFh.woff2) format(\\"woff2\\");
  font-display: auto;
  unicode-range: U+0400-045F, U+0490-0491, U+04B0-04B1, U+2116;
}
/* vietnamese */
@font-face {
  font-weight: 400;
  font-family: \\"IBM Plex Mono\\";
  font-style: italic;
  src: local(\\"IBM Plex Mono Italic\\"), local(\\"IBMPlexMono-Italic\\"), url(https://fonts.gstatic.com/s/ibmplexmono/v4/-F6pfjptAgt5VM-kVkqdyU8n1ioa2ndgregdFOFh.woff2) format(\\"woff2\\");
  font-display: auto;
  unicode-range: U+0102-0103, U+0110-0111, U+1EA0-1EF9, U+20AB;
}
/* latin-ext */
@font-face {
  font-weight: 400;
  font-family: \\"IBM Plex Mono\\";
  font-style: italic;
  src: local(\\"IBM Plex Mono Italic\\"), local(\\"IBMPlexMono-Italic\\"), url(https://fonts.gstatic.com/s/ibmplexmono/v4/-F6pfjptAgt5VM-kVkqdyU8n1ioa23dgregdFOFh.woff2) format(\\"woff2\\");
  font-display: auto;
  unicode-range: U+0100-024F, U+0259, U+1E00-1EFF, U+2020, U+20A0-20AB, U+20AD-20CF, U+2113, U+2C60-2C7F, U+A720-A7FF;
}
/* latin */
@font-face {
  font-weight: 400;
  font-family: \\"IBM Plex Mono\\";
  font-style: italic;
  src: local(\\"IBM Plex Mono Italic\\"), local(\\"IBMPlexMono-Italic\\"), url(https://fonts.gstatic.com/s/ibmplexmono/v4/-F6pfjptAgt5VM-kVkqdyU8n1ioa1XdgregdFA.woff2) format(\\"woff2\\");
  font-display: auto;
  unicode-range: U+0000-00FF, U+0131, U+0152-0153, U+02BB-02BC, U+02C6, U+02DA, U+02DC, U+2000-206F, U+2074, U+20AC, U+2122, U+2191, U+2193, U+2212, U+2215, U+FEFF, U+FFFD;
}
/* cyrillic-ext */
@font-face {
  font-weight: 600;
  font-family: \\"IBM Plex Mono\\";
  font-style: italic;
  src: local(\\"IBM Plex Mono SemiBold Italic\\"), local(\\"IBMPlexMono-SemiBoldItalic\\"), url(https://fonts.gstatic.com/s/ibmplexmono/v4/-F6sfjptAgt5VM-kVkqdyU8n1ioSClN1jcoQPttoz6Pz.woff2) format(\\"woff2\\");
  font-display: auto;
  unicode-range: U+0460-052F, U+1C80-1C88, U+20B4, U+2DE0-2DFF, U+A640-A69F, U+FE2E-FE2F;
}
/* cyrillic */
@font-face {
  font-weight: 600;
  font-family: \\"IBM Plex Mono\\";
  font-style: italic;
  src: local(\\"IBM Plex Mono SemiBold Italic\\"), local(\\"IBMPlexMono-SemiBoldItalic\\"), url(https://fonts.gstatic.com/s/ibmplexmono/v4/-F6sfjptAgt5VM-kVkqdyU8n1ioSClN1hMoQPttoz6Pz.woff2) format(\\"woff2\\");
  font-display: auto;
  unicode-range: U+0400-045F, U+0490-0491, U+04B0-04B1, U+2116;
}
/* vietnamese */
@font-face {
  font-weight: 600;
  font-family: \\"IBM Plex Mono\\";
  font-style: italic;
  src: local(\\"IBM Plex Mono SemiBold Italic\\"), local(\\"IBMPlexMono-SemiBoldItalic\\"), url(https://fonts.gstatic.com/s/ibmplexmono/v4/-F6sfjptAgt5VM-kVkqdyU8n1ioSClN1j8oQPttoz6Pz.woff2) format(\\"woff2\\");
  font-display: auto;
  unicode-range: U+0102-0103, U+0110-0111, U+1EA0-1EF9, U+20AB;
}
/* latin-ext */
@font-face {
  font-weight: 600;
  font-family: \\"IBM Plex Mono\\";
  font-style: italic;
  src: local(\\"IBM Plex Mono SemiBold Italic\\"), local(\\"IBMPlexMono-SemiBoldItalic\\"), url(https://fonts.gstatic.com/s/ibmplexmono/v4/-F6sfjptAgt5VM-kVkqdyU8n1ioSClN1jsoQPttoz6Pz.woff2) format(\\"woff2\\");
  font-display: auto;
  unicode-range: U+0100-024F, U+0259, U+1E00-1EFF, U+2020, U+20A0-20AB, U+20AD-20CF, U+2113, U+2C60-2C7F, U+A720-A7FF;
}
/* latin */
@font-face {
  font-weight: 600;
  font-family: \\"IBM Plex Mono\\";
  font-style: italic;
  src: local(\\"IBM Plex Mono SemiBold Italic\\"), local(\\"IBMPlexMono-SemiBoldItalic\\"), url(https://fonts.gstatic.com/s/ibmplexmono/v4/-F6sfjptAgt5VM-kVkqdyU8n1ioSClN1gMoQPttozw.woff2) format(\\"woff2\\");
  font-display: auto;
  unicode-range: U+0000-00FF, U+0131, U+0152-0153, U+02BB-02BC, U+02C6, U+02DA, U+02DC, U+2000-206F, U+2074, U+20AC, U+2122, U+2191, U+2193, U+2212, U+2215, U+FEFF, U+FFFD;
}
/* cyrillic-ext */
@font-face {
  font-weight: 300;
  font-family: \\"IBM Plex Mono\\";
  font-style: normal;
  src: local(\\"IBM Plex Mono Light\\"), local(\\"IBMPlexMono-Light\\"), url(https://fonts.gstatic.com/s/ibmplexmono/v4/-F6qfjptAgt5VM-kVkqdyU8n3oQIwl1FgsAXHNlYzg.woff2) format(\\"woff2\\");
  font-display: auto;
  unicode-range: U+0460-052F, U+1C80-1C88, U+20B4, U+2DE0-2DFF, U+A640-A69F, U+FE2E-FE2F;
}
/* cyrillic */
@font-face {
  font-weight: 300;
  font-family: \\"IBM Plex Mono\\";
  font-style: normal;
  src: local(\\"IBM Plex Mono Light\\"), local(\\"IBMPlexMono-Light\\"), url(https://fonts.gstatic.com/s/ibmplexmono/v4/-F6qfjptAgt5VM-kVkqdyU8n3oQIwlRFgsAXHNlYzg.woff2) format(\\"woff2\\");
  font-display: auto;
  unicode-range: U+0400-045F, U+0490-0491, U+04B0-04B1, U+2116;
}
/* vietnamese */
@font-face {
  font-weight: 300;
  font-family: \\"IBM Plex Mono\\";
  font-style: normal;
  src: local(\\"IBM Plex Mono Light\\"), local(\\"IBMPlexMono-Light\\"), url(https://fonts.gstatic.com/s/ibmplexmono/v4/-F6qfjptAgt5VM-kVkqdyU8n3oQIwl9FgsAXHNlYzg.woff2) format(\\"woff2\\");
  font-display: auto;
  unicode-range: U+0102-0103, U+0110-0111, U+1EA0-1EF9, U+20AB;
}
/* latin-ext */
@font-face {
  font-weight: 300;
  font-family: \\"IBM Plex Mono\\";
  font-style: normal;
  src: local(\\"IBM Plex Mono Light\\"), local(\\"IBMPlexMono-Light\\"), url(https://fonts.gstatic.com/s/ibmplexmono/v4/-F6qfjptAgt5VM-kVkqdyU8n3oQIwl5FgsAXHNlYzg.woff2) format(\\"woff2\\");
  font-display: auto;
  unicode-range: U+0100-024F, U+0259, U+1E00-1EFF, U+2020, U+20A0-20AB, U+20AD-20CF, U+2113, U+2C60-2C7F, U+A720-A7FF;
}
/* latin */
@font-face {
  font-weight: 300;
  font-family: \\"IBM Plex Mono\\";
  font-style: normal;
  src: local(\\"IBM Plex Mono Light\\"), local(\\"IBMPlexMono-Light\\"), url(https://fonts.gstatic.com/s/ibmplexmono/v4/-F6qfjptAgt5VM-kVkqdyU8n3oQIwlBFgsAXHNk.woff2) format(\\"woff2\\");
  font-display: auto;
  unicode-range: U+0000-00FF, U+0131, U+0152-0153, U+02BB-02BC, U+02C6, U+02DA, U+02DC, U+2000-206F, U+2074, U+20AC, U+2122, U+2191, U+2193, U+2212, U+2215, U+FEFF, U+FFFD;
}
/* cyrillic-ext */
@font-face {
  font-weight: 400;
  font-family: \\"IBM Plex Mono\\";
  font-style: normal;
  src: local(\\"IBM Plex Mono\\"), local(\\"IBMPlexMono\\"), url(https://fonts.gstatic.com/s/ibmplexmono/v4/-F63fjptAgt5VM-kVkqdyU8n1iIq131nj-otFQ.woff2) format(\\"woff2\\");
  font-display: auto;
  unicode-range: U+0460-052F, U+1C80-1C88, U+20B4, U+2DE0-2DFF, U+A640-A69F, U+FE2E-FE2F;
}
/* cyrillic */
@font-face {
  font-weight: 400;
  font-family: \\"IBM Plex Mono\\";
  font-style: normal;
  src: local(\\"IBM Plex Mono\\"), local(\\"IBMPlexMono\\"), url(https://fonts.gstatic.com/s/ibmplexmono/v4/-F63fjptAgt5VM-kVkqdyU8n1isq131nj-otFQ.woff2) format(\\"woff2\\");
  font-display: auto;
  unicode-range: U+0400-045F, U+0490-0491, U+04B0-04B1, U+2116;
}
/* vietnamese */
@font-face {
  font-weight: 400;
  font-family: \\"IBM Plex Mono\\";
  font-style: normal;
  src: local(\\"IBM Plex Mono\\"), local(\\"IBMPlexMono\\"), url(https://fonts.gstatic.com/s/ibmplexmono/v4/-F63fjptAgt5VM-kVkqdyU8n1iAq131nj-otFQ.woff2) format(\\"woff2\\");
  font-display: auto;
  unicode-range: U+0102-0103, U+0110-0111, U+1EA0-1EF9, U+20AB;
}
/* latin-ext */
@font-face {
  font-weight: 400;
  font-family: \\"IBM Plex Mono\\";
  font-style: normal;
  src: local(\\"IBM Plex Mono\\"), local(\\"IBMPlexMono\\"), url(https://fonts.gstatic.com/s/ibmplexmono/v4/-F63fjptAgt5VM-kVkqdyU8n1iEq131nj-otFQ.woff2) format(\\"woff2\\");
  font-display: auto;
  unicode-range: U+0100-024F, U+0259, U+1E00-1EFF, U+2020, U+20A0-20AB, U+20AD-20CF, U+2113, U+2C60-2C7F, U+A720-A7FF;
}
/* latin */
@font-face {
  font-weight: 400;
  font-family: \\"IBM Plex Mono\\";
  font-style: normal;
  src: local(\\"IBM Plex Mono\\"), local(\\"IBMPlexMono\\"), url(https://fonts.gstatic.com/s/ibmplexmono/v4/-F63fjptAgt5VM-kVkqdyU8n1i8q131nj-o.woff2) format(\\"woff2\\");
  font-display: auto;
  unicode-range: U+0000-00FF, U+0131, U+0152-0153, U+02BB-02BC, U+02C6, U+02DA, U+02DC, U+2000-206F, U+2074, U+20AC, U+2122, U+2191, U+2193, U+2212, U+2215, U+FEFF, U+FFFD;
}
/* cyrillic-ext */
@font-face {
  font-weight: 600;
  font-family: \\"IBM Plex Mono\\";
  font-style: normal;
  src: local(\\"IBM Plex Mono SemiBold\\"), local(\\"IBMPlexMono-SemiBold\\"), url(https://fonts.gstatic.com/s/ibmplexmono/v4/-F6qfjptAgt5VM-kVkqdyU8n3vAOwl1FgsAXHNlYzg.woff2) format(\\"woff2\\");
  font-display: auto;
  unicode-range: U+0460-052F, U+1C80-1C88, U+20B4, U+2DE0-2DFF, U+A640-A69F, U+FE2E-FE2F;
}
/* cyrillic */
@font-face {
  font-weight: 600;
  font-family: \\"IBM Plex Mono\\";
  font-style: normal;
  src: local(\\"IBM Plex Mono SemiBold\\"), local(\\"IBMPlexMono-SemiBold\\"), url(https://fonts.gstatic.com/s/ibmplexmono/v4/-F6qfjptAgt5VM-kVkqdyU8n3vAOwlRFgsAXHNlYzg.woff2) format(\\"woff2\\");
  font-display: auto;
  unicode-range: U+0400-045F, U+0490-0491, U+04B0-04B1, U+2116;
}
/* vietnamese */
@font-face {
  font-weight: 600;
  font-family: \\"IBM Plex Mono\\";
  font-style: normal;
  src: local(\\"IBM Plex Mono SemiBold\\"), local(\\"IBMPlexMono-SemiBold\\"), url(https://fonts.gstatic.com/s/ibmplexmono/v4/-F6qfjptAgt5VM-kVkqdyU8n3vAOwl9FgsAXHNlYzg.woff2) format(\\"woff2\\");
  font-display: auto;
  unicode-range: U+0102-0103, U+0110-0111, U+1EA0-1EF9, U+20AB;
}
/* latin-ext */
@font-face {
  font-weight: 600;
  font-family: \\"IBM Plex Mono\\";
  font-style: normal;
  src: local(\\"IBM Plex Mono SemiBold\\"), local(\\"IBMPlexMono-SemiBold\\"), url(https://fonts.gstatic.com/s/ibmplexmono/v4/-F6qfjptAgt5VM-kVkqdyU8n3vAOwl5FgsAXHNlYzg.woff2) format(\\"woff2\\");
  font-display: auto;
  unicode-range: U+0100-024F, U+0259, U+1E00-1EFF, U+2020, U+20A0-20AB, U+20AD-20CF, U+2113, U+2C60-2C7F, U+A720-A7FF;
}
/* latin */
@font-face {
  font-weight: 600;
  font-family: \\"IBM Plex Mono\\";
  font-style: normal;
  src: local(\\"IBM Plex Mono SemiBold\\"), local(\\"IBMPlexMono-SemiBold\\"), url(https://fonts.gstatic.com/s/ibmplexmono/v4/-F6qfjptAgt5VM-kVkqdyU8n3vAOwlBFgsAXHNk.woff2) format(\\"woff2\\");
  font-display: auto;
  unicode-range: U+0000-00FF, U+0131, U+0152-0153, U+02BB-02BC, U+02C6, U+02DA, U+02DC, U+2000-206F, U+2074, U+20AC, U+2122, U+2191, U+2193, U+2212, U+2215, U+FEFF, U+FFFD;
}
@font-face {
  font-weight: 300;
  font-family: \\"IBM Plex Sans\\";
  font-style: italic;
  src: local(\\"IBM Plex Sans Light Italic\\"), local(\\"IBMPlexSans-LightItalic\\"), url(https://fonts.gstatic.com/s/ibmplexsans/v6/zYX7KVElMYYaJe8bpLHnCwDKhdTmvIRcdvfo.woff) format(\\"woff\\");
  font-display: auto;
}
@font-face {
  font-weight: 400;
  font-family: \\"IBM Plex Sans\\";
  font-style: italic;
  src: local(\\"IBM Plex Sans Italic\\"), local(\\"IBMPlexSans-Italic\\"), url(https://fonts.gstatic.com/s/ibmplexsans/v6/zYX-KVElMYYaJe8bpLHnCwDKhdTuF6ZP.woff) format(\\"woff\\");
  font-display: auto;
}
@font-face {
  font-weight: 600;
  font-family: \\"IBM Plex Sans\\";
  font-style: italic;
  src: local(\\"IBM Plex Sans SemiBold Italic\\"), local(\\"IBMPlexSans-SemiBoldItalic\\"), url(https://fonts.gstatic.com/s/ibmplexsans/v6/zYX7KVElMYYaJe8bpLHnCwDKhdTmyIJcdvfo.woff) format(\\"woff\\");
  font-display: auto;
}
@font-face {
  font-weight: 300;
  font-family: \\"IBM Plex Sans\\";
  font-style: normal;
  src: local(\\"IBM Plex Sans Light\\"), local(\\"IBMPlexSans-Light\\"), url(https://fonts.gstatic.com/s/ibmplexsans/v6/zYX9KVElMYYaJe8bpLHnCwDKjXr8AIFscg.woff) format(\\"woff\\");
  font-display: auto;
}
@font-face {
  font-weight: 400;
  font-family: \\"IBM Plex Sans\\";
  font-style: normal;
  src: local(\\"IBM Plex Sans\\"), local(\\"IBMPlexSans\\"), url(https://fonts.gstatic.com/s/ibmplexsans/v6/zYXgKVElMYYaJe8bpLHnCwDKhdHeEw.woff) format(\\"woff\\");
  font-display: auto;
}
@font-face {
  font-weight: 600;
  font-family: \\"IBM Plex Sans\\";
  font-style: normal;
  src: local(\\"IBM Plex Sans SemiBold\\"), local(\\"IBMPlexSans-SemiBold\\"), url(https://fonts.gstatic.com/s/ibmplexsans/v6/zYX9KVElMYYaJe8bpLHnCwDKjQ76AIFscg.woff) format(\\"woff\\");
  font-display: auto;
}
/* cyrillic-ext */
@font-face {
  font-weight: 300;
  font-family: \\"IBM Plex Sans\\";
  font-style: italic;
  src: local(\\"IBM Plex Sans Light Italic\\"), local(\\"IBMPlexSans-LightItalic\\"), url(https://fonts.gstatic.com/s/ibmplexsans/v6/zYX7KVElMYYaJe8bpLHnCwDKhdTmvIRce_fuJGl18QRY.woff2) format(\\"woff2\\");
  font-display: auto;
  unicode-range: U+0460-052F, U+1C80-1C88, U+20B4, U+2DE0-2DFF, U+A640-A69F, U+FE2E-FE2F;
}
/* cyrillic */
@font-face {
  font-weight: 300;
  font-family: \\"IBM Plex Sans\\";
  font-style: italic;
  src: local(\\"IBM Plex Sans Light Italic\\"), local(\\"IBMPlexSans-LightItalic\\"), url(https://fonts.gstatic.com/s/ibmplexsans/v6/zYX7KVElMYYaJe8bpLHnCwDKhdTmvIRccvfuJGl18QRY.woff2) format(\\"woff2\\");
  font-display: auto;
  unicode-range: U+0400-045F, U+0490-0491, U+04B0-04B1, U+2116;
}
/* greek */
@font-face {
  font-weight: 300;
  font-family: \\"IBM Plex Sans\\";
  font-style: italic;
  src: local(\\"IBM Plex Sans Light Italic\\"), local(\\"IBMPlexSans-LightItalic\\"), url(https://fonts.gstatic.com/s/ibmplexsans/v6/zYX7KVElMYYaJe8bpLHnCwDKhdTmvIRcdffuJGl18QRY.woff2) format(\\"woff2\\");
  font-display: auto;
  unicode-range: U+0370-03FF;
}
/* vietnamese */
@font-face {
  font-weight: 300;
  font-family: \\"IBM Plex Sans\\";
  font-style: italic;
  src: local(\\"IBM Plex Sans Light Italic\\"), local(\\"IBMPlexSans-LightItalic\\"), url(https://fonts.gstatic.com/s/ibmplexsans/v6/zYX7KVElMYYaJe8bpLHnCwDKhdTmvIRceffuJGl18QRY.woff2) format(\\"woff2\\");
  font-display: auto;
  unicode-range: U+0102-0103, U+0110-0111, U+1EA0-1EF9, U+20AB;
}
/* latin-ext */
@font-face {
  font-weight: 300;
  font-family: \\"IBM Plex Sans\\";
  font-style: italic;
  src: local(\\"IBM Plex Sans Light Italic\\"), local(\\"IBMPlexSans-LightItalic\\"), url(https://fonts.gstatic.com/s/ibmplexsans/v6/zYX7KVElMYYaJe8bpLHnCwDKhdTmvIRcePfuJGl18QRY.woff2) format(\\"woff2\\");
  font-display: auto;
  unicode-range: U+0100-024F, U+0259, U+1E00-1EFF, U+2020, U+20A0-20AB, U+20AD-20CF, U+2113, U+2C60-2C7F, U+A720-A7FF;
}
/* latin */
@font-face {
  font-weight: 300;
  font-family: \\"IBM Plex Sans\\";
  font-style: italic;
  src: local(\\"IBM Plex Sans Light Italic\\"), local(\\"IBMPlexSans-LightItalic\\"), url(https://fonts.gstatic.com/s/ibmplexsans/v6/zYX7KVElMYYaJe8bpLHnCwDKhdTmvIRcdvfuJGl18Q.woff2) format(\\"woff2\\");
  font-display: auto;
  unicode-range: U+0000-00FF, U+0131, U+0152-0153, U+02BB-02BC, U+02C6, U+02DA, U+02DC, U+2000-206F, U+2074, U+20AC, U+2122, U+2191, U+2193, U+2212, U+2215, U+FEFF, U+FFFD;
}
/* cyrillic-ext */
@font-face {
  font-weight: 400;
  font-family: \\"IBM Plex Sans\\";
  font-style: italic;
  src: local(\\"IBM Plex Sans Italic\\"), local(\\"IBMPlexSans-Italic\\"), url(https://fonts.gstatic.com/s/ibmplexsans/v6/zYX-KVElMYYaJe8bpLHnCwDKhdTuGqZJW9XjDlN8.woff2) format(\\"woff2\\");
  font-display: auto;
  unicode-range: U+0460-052F, U+1C80-1C88, U+20B4, U+2DE0-2DFF, U+A640-A69F, U+FE2E-FE2F;
}
/* cyrillic */
@font-face {
  font-weight: 400;
  font-family: \\"IBM Plex Sans\\";
  font-style: italic;
  src: local(\\"IBM Plex Sans Italic\\"), local(\\"IBMPlexSans-Italic\\"), url(https://fonts.gstatic.com/s/ibmplexsans/v6/zYX-KVElMYYaJe8bpLHnCwDKhdTuE6ZJW9XjDlN8.woff2) format(\\"woff2\\");
  font-display: auto;
  unicode-range: U+0400-045F, U+0490-0491, U+04B0-04B1, U+2116;
}
/* greek */
@font-face {
  font-weight: 400;
  font-family: \\"IBM Plex Sans\\";
  font-style: italic;
  src: local(\\"IBM Plex Sans Italic\\"), local(\\"IBMPlexSans-Italic\\"), url(https://fonts.gstatic.com/s/ibmplexsans/v6/zYX-KVElMYYaJe8bpLHnCwDKhdTuFKZJW9XjDlN8.woff2) format(\\"woff2\\");
  font-display: auto;
  unicode-range: U+0370-03FF;
}
/* vietnamese */
@font-face {
  font-weight: 400;
  font-family: \\"IBM Plex Sans\\";
  font-style: italic;
  src: local(\\"IBM Plex Sans Italic\\"), local(\\"IBMPlexSans-Italic\\"), url(https://fonts.gstatic.com/s/ibmplexsans/v6/zYX-KVElMYYaJe8bpLHnCwDKhdTuGKZJW9XjDlN8.woff2) format(\\"woff2\\");
  font-display: auto;
  unicode-range: U+0102-0103, U+0110-0111, U+1EA0-1EF9, U+20AB;
}
/* latin-ext */
@font-face {
  font-weight: 400;
  font-family: \\"IBM Plex Sans\\";
  font-style: italic;
  src: local(\\"IBM Plex Sans Italic\\"), local(\\"IBMPlexSans-Italic\\"), url(https://fonts.gstatic.com/s/ibmplexsans/v6/zYX-KVElMYYaJe8bpLHnCwDKhdTuGaZJW9XjDlN8.woff2) format(\\"woff2\\");
  font-display: auto;
  unicode-range: U+0100-024F, U+0259, U+1E00-1EFF, U+2020, U+20A0-20AB, U+20AD-20CF, U+2113, U+2C60-2C7F, U+A720-A7FF;
}
/* latin */
@font-face {
  font-weight: 400;
  font-family: \\"IBM Plex Sans\\";
  font-style: italic;
  src: local(\\"IBM Plex Sans Italic\\"), local(\\"IBMPlexSans-Italic\\"), url(https://fonts.gstatic.com/s/ibmplexsans/v6/zYX-KVElMYYaJe8bpLHnCwDKhdTuF6ZJW9XjDg.woff2) format(\\"woff2\\");
  font-display: auto;
  unicode-range: U+0000-00FF, U+0131, U+0152-0153, U+02BB-02BC, U+02C6, U+02DA, U+02DC, U+2000-206F, U+2074, U+20AC, U+2122, U+2191, U+2193, U+2212, U+2215, U+FEFF, U+FFFD;
}
/* cyrillic-ext */
@font-face {
  font-weight: 600;
  font-family: \\"IBM Plex Sans\\";
  font-style: italic;
  src: local(\\"IBM Plex Sans SemiBold Italic\\"), local(\\"IBMPlexSans-SemiBoldItalic\\"), url(https://fonts.gstatic.com/s/ibmplexsans/v6/zYX7KVElMYYaJe8bpLHnCwDKhdTmyIJce_fuJGl18QRY.woff2) format(\\"woff2\\");
  font-display: auto;
  unicode-range: U+0460-052F, U+1C80-1C88, U+20B4, U+2DE0-2DFF, U+A640-A69F, U+FE2E-FE2F;
}
/* cyrillic */
@font-face {
  font-weight: 600;
  font-family: \\"IBM Plex Sans\\";
  font-style: italic;
  src: local(\\"IBM Plex Sans SemiBold Italic\\"), local(\\"IBMPlexSans-SemiBoldItalic\\"), url(https://fonts.gstatic.com/s/ibmplexsans/v6/zYX7KVElMYYaJe8bpLHnCwDKhdTmyIJccvfuJGl18QRY.woff2) format(\\"woff2\\");
  font-display: auto;
  unicode-range: U+0400-045F, U+0490-0491, U+04B0-04B1, U+2116;
}
/* greek */
@font-face {
  font-weight: 600;
  font-family: \\"IBM Plex Sans\\";
  font-style: italic;
  src: local(\\"IBM Plex Sans SemiBold Italic\\"), local(\\"IBMPlexSans-SemiBoldItalic\\"), url(https://fonts.gstatic.com/s/ibmplexsans/v6/zYX7KVElMYYaJe8bpLHnCwDKhdTmyIJcdffuJGl18QRY.woff2) format(\\"woff2\\");
  font-display: auto;
  unicode-range: U+0370-03FF;
}
/* vietnamese */
@font-face {
  font-weight: 600;
  font-family: \\"IBM Plex Sans\\";
  font-style: italic;
  src: local(\\"IBM Plex Sans SemiBold Italic\\"), local(\\"IBMPlexSans-SemiBoldItalic\\"), url(https://fonts.gstatic.com/s/ibmplexsans/v6/zYX7KVElMYYaJe8bpLHnCwDKhdTmyIJceffuJGl18QRY.woff2) format(\\"woff2\\");
  font-display: auto;
  unicode-range: U+0102-0103, U+0110-0111, U+1EA0-1EF9, U+20AB;
}
/* latin-ext */
@font-face {
  font-weight: 600;
  font-family: \\"IBM Plex Sans\\";
  font-style: italic;
  src: local(\\"IBM Plex Sans SemiBold Italic\\"), local(\\"IBMPlexSans-SemiBoldItalic\\"), url(https://fonts.gstatic.com/s/ibmplexsans/v6/zYX7KVElMYYaJe8bpLHnCwDKhdTmyIJcePfuJGl18QRY.woff2) format(\\"woff2\\");
  font-display: auto;
  unicode-range: U+0100-024F, U+0259, U+1E00-1EFF, U+2020, U+20A0-20AB, U+20AD-20CF, U+2113, U+2C60-2C7F, U+A720-A7FF;
}
/* latin */
@font-face {
  font-weight: 600;
  font-family: \\"IBM Plex Sans\\";
  font-style: italic;
  src: local(\\"IBM Plex Sans SemiBold Italic\\"), local(\\"IBMPlexSans-SemiBoldItalic\\"), url(https://fonts.gstatic.com/s/ibmplexsans/v6/zYX7KVElMYYaJe8bpLHnCwDKhdTmyIJcdvfuJGl18Q.woff2) format(\\"woff2\\");
  font-display: auto;
  unicode-range: U+0000-00FF, U+0131, U+0152-0153, U+02BB-02BC, U+02C6, U+02DA, U+02DC, U+2000-206F, U+2074, U+20AC, U+2122, U+2191, U+2193, U+2212, U+2215, U+FEFF, U+FFFD;
}
/* cyrillic-ext */
@font-face {
  font-weight: 300;
  font-family: \\"IBM Plex Sans\\";
  font-style: normal;
  src: local(\\"IBM Plex Sans Light\\"), local(\\"IBMPlexSans-Light\\"), url(https://fonts.gstatic.com/s/ibmplexsans/v6/zYX9KVElMYYaJe8bpLHnCwDKjXr8AIxsdP3pBmtF8A.woff2) format(\\"woff2\\");
  font-display: auto;
  unicode-range: U+0460-052F, U+1C80-1C88, U+20B4, U+2DE0-2DFF, U+A640-A69F, U+FE2E-FE2F;
}
/* cyrillic */
@font-face {
  font-weight: 300;
  font-family: \\"IBM Plex Sans\\";
  font-style: normal;
  src: local(\\"IBM Plex Sans Light\\"), local(\\"IBMPlexSans-Light\\"), url(https://fonts.gstatic.com/s/ibmplexsans/v6/zYX9KVElMYYaJe8bpLHnCwDKjXr8AIVsdP3pBmtF8A.woff2) format(\\"woff2\\");
  font-display: auto;
  unicode-range: U+0400-045F, U+0490-0491, U+04B0-04B1, U+2116;
}
/* greek */
@font-face {
  font-weight: 300;
  font-family: \\"IBM Plex Sans\\";
  font-style: normal;
  src: local(\\"IBM Plex Sans Light\\"), local(\\"IBMPlexSans-Light\\"), url(https://fonts.gstatic.com/s/ibmplexsans/v6/zYX9KVElMYYaJe8bpLHnCwDKjXr8AIJsdP3pBmtF8A.woff2) format(\\"woff2\\");
  font-display: auto;
  unicode-range: U+0370-03FF;
}
/* vietnamese */
@font-face {
  font-weight: 300;
  font-family: \\"IBM Plex Sans\\";
  font-style: normal;
  src: local(\\"IBM Plex Sans Light\\"), local(\\"IBMPlexSans-Light\\"), url(https://fonts.gstatic.com/s/ibmplexsans/v6/zYX9KVElMYYaJe8bpLHnCwDKjXr8AI5sdP3pBmtF8A.woff2) format(\\"woff2\\");
  font-display: auto;
  unicode-range: U+0102-0103, U+0110-0111, U+1EA0-1EF9, U+20AB;
}
/* latin-ext */
@font-face {
  font-weight: 300;
  font-family: \\"IBM Plex Sans\\";
  font-style: normal;
  src: local(\\"IBM Plex Sans Light\\"), local(\\"IBMPlexSans-Light\\"), url(https://fonts.gstatic.com/s/ibmplexsans/v6/zYX9KVElMYYaJe8bpLHnCwDKjXr8AI9sdP3pBmtF8A.woff2) format(\\"woff2\\");
  font-display: auto;
  unicode-range: U+0100-024F, U+0259, U+1E00-1EFF, U+2020, U+20A0-20AB, U+20AD-20CF, U+2113, U+2C60-2C7F, U+A720-A7FF;
}
/* latin */
@font-face {
  font-weight: 300;
  font-family: \\"IBM Plex Sans\\";
  font-style: normal;
  src: local(\\"IBM Plex Sans Light\\"), local(\\"IBMPlexSans-Light\\"), url(https://fonts.gstatic.com/s/ibmplexsans/v6/zYX9KVElMYYaJe8bpLHnCwDKjXr8AIFsdP3pBms.woff2) format(\\"woff2\\");
  font-display: auto;
  unicode-range: U+0000-00FF, U+0131, U+0152-0153, U+02BB-02BC, U+02C6, U+02DA, U+02DC, U+2000-206F, U+2074, U+20AC, U+2122, U+2191, U+2193, U+2212, U+2215, U+FEFF, U+FFFD;
}
/* cyrillic-ext */
@font-face {
  font-weight: 400;
  font-family: \\"IBM Plex Sans\\";
  font-style: normal;
  src: local(\\"IBM Plex Sans\\"), local(\\"IBMPlexSans\\"), url(https://fonts.gstatic.com/s/ibmplexsans/v6/zYXgKVElMYYaJe8bpLHnCwDKhdzeFaxOedfTDw.woff2) format(\\"woff2\\");
  font-display: auto;
  unicode-range: U+0460-052F, U+1C80-1C88, U+20B4, U+2DE0-2DFF, U+A640-A69F, U+FE2E-FE2F;
}
/* cyrillic */
@font-face {
  font-weight: 400;
  font-family: \\"IBM Plex Sans\\";
  font-style: normal;
  src: local(\\"IBM Plex Sans\\"), local(\\"IBMPlexSans\\"), url(https://fonts.gstatic.com/s/ibmplexsans/v6/zYXgKVElMYYaJe8bpLHnCwDKhdXeFaxOedfTDw.woff2) format(\\"woff2\\");
  font-display: auto;
  unicode-range: U+0400-045F, U+0490-0491, U+04B0-04B1, U+2116;
}
/* greek */
@font-face {
  font-weight: 400;
  font-family: \\"IBM Plex Sans\\";
  font-style: normal;
  src: local(\\"IBM Plex Sans\\"), local(\\"IBMPlexSans\\"), url(https://fonts.gstatic.com/s/ibmplexsans/v6/zYXgKVElMYYaJe8bpLHnCwDKhdLeFaxOedfTDw.woff2) format(\\"woff2\\");
  font-display: auto;
  unicode-range: U+0370-03FF;
}
/* vietnamese */
@font-face {
  font-weight: 400;
  font-family: \\"IBM Plex Sans\\";
  font-style: normal;
  src: local(\\"IBM Plex Sans\\"), local(\\"IBMPlexSans\\"), url(https://fonts.gstatic.com/s/ibmplexsans/v6/zYXgKVElMYYaJe8bpLHnCwDKhd7eFaxOedfTDw.woff2) format(\\"woff2\\");
  font-display: auto;
  unicode-range: U+0102-0103, U+0110-0111, U+1EA0-1EF9, U+20AB;
}
/* latin-ext */
@font-face {
  font-weight: 400;
  font-family: \\"IBM Plex Sans\\";
  font-style: normal;
  src: local(\\"IBM Plex Sans\\"), local(\\"IBMPlexSans\\"), url(https://fonts.gstatic.com/s/ibmplexsans/v6/zYXgKVElMYYaJe8bpLHnCwDKhd_eFaxOedfTDw.woff2) format(\\"woff2\\");
  font-display: auto;
  unicode-range: U+0100-024F, U+0259, U+1E00-1EFF, U+2020, U+20A0-20AB, U+20AD-20CF, U+2113, U+2C60-2C7F, U+A720-A7FF;
}
/* latin */
@font-face {
  font-weight: 400;
  font-family: \\"IBM Plex Sans\\";
  font-style: normal;
  src: local(\\"IBM Plex Sans\\"), local(\\"IBMPlexSans\\"), url(https://fonts.gstatic.com/s/ibmplexsans/v6/zYXgKVElMYYaJe8bpLHnCwDKhdHeFaxOedc.woff2) format(\\"woff2\\");
  font-display: auto;
  unicode-range: U+0000-00FF, U+0131, U+0152-0153, U+02BB-02BC, U+02C6, U+02DA, U+02DC, U+2000-206F, U+2074, U+20AC, U+2122, U+2191, U+2193, U+2212, U+2215, U+FEFF, U+FFFD;
}
/* cyrillic-ext */
@font-face {
  font-weight: 600;
  font-family: \\"IBM Plex Sans\\";
  font-style: normal;
  src: local(\\"IBM Plex Sans SemiBold\\"), local(\\"IBMPlexSans-SemiBold\\"), url(https://fonts.gstatic.com/s/ibmplexsans/v6/zYX9KVElMYYaJe8bpLHnCwDKjQ76AIxsdP3pBmtF8A.woff2) format(\\"woff2\\");
  font-display: auto;
  unicode-range: U+0460-052F, U+1C80-1C88, U+20B4, U+2DE0-2DFF, U+A640-A69F, U+FE2E-FE2F;
}
/* cyrillic */
@font-face {
  font-weight: 600;
  font-family: \\"IBM Plex Sans\\";
  font-style: normal;
  src: local(\\"IBM Plex Sans SemiBold\\"), local(\\"IBMPlexSans-SemiBold\\"), url(https://fonts.gstatic.com/s/ibmplexsans/v6/zYX9KVElMYYaJe8bpLHnCwDKjQ76AIVsdP3pBmtF8A.woff2) format(\\"woff2\\");
  font-display: auto;
  unicode-range: U+0400-045F, U+0490-0491, U+04B0-04B1, U+2116;
}
/* greek */
@font-face {
  font-weight: 600;
  font-family: \\"IBM Plex Sans\\";
  font-style: normal;
  src: local(\\"IBM Plex Sans SemiBold\\"), local(\\"IBMPlexSans-SemiBold\\"), url(https://fonts.gstatic.com/s/ibmplexsans/v6/zYX9KVElMYYaJe8bpLHnCwDKjQ76AIJsdP3pBmtF8A.woff2) format(\\"woff2\\");
  font-display: auto;
  unicode-range: U+0370-03FF;
}
/* vietnamese */
@font-face {
  font-weight: 600;
  font-family: \\"IBM Plex Sans\\";
  font-style: normal;
  src: local(\\"IBM Plex Sans SemiBold\\"), local(\\"IBMPlexSans-SemiBold\\"), url(https://fonts.gstatic.com/s/ibmplexsans/v6/zYX9KVElMYYaJe8bpLHnCwDKjQ76AI5sdP3pBmtF8A.woff2) format(\\"woff2\\");
  font-display: auto;
  unicode-range: U+0102-0103, U+0110-0111, U+1EA0-1EF9, U+20AB;
}
/* latin-ext */
@font-face {
  font-weight: 600;
  font-family: \\"IBM Plex Sans\\";
  font-style: normal;
  src: local(\\"IBM Plex Sans SemiBold\\"), local(\\"IBMPlexSans-SemiBold\\"), url(https://fonts.gstatic.com/s/ibmplexsans/v6/zYX9KVElMYYaJe8bpLHnCwDKjQ76AI9sdP3pBmtF8A.woff2) format(\\"woff2\\");
  font-display: auto;
  unicode-range: U+0100-024F, U+0259, U+1E00-1EFF, U+2020, U+20A0-20AB, U+20AD-20CF, U+2113, U+2C60-2C7F, U+A720-A7FF;
}
/* latin */
@font-face {
  font-weight: 600;
  font-family: \\"IBM Plex Sans\\";
  font-style: normal;
  src: local(\\"IBM Plex Sans SemiBold\\"), local(\\"IBMPlexSans-SemiBold\\"), url(https://fonts.gstatic.com/s/ibmplexsans/v6/zYX9KVElMYYaJe8bpLHnCwDKjQ76AIFsdP3pBms.woff2) format(\\"woff2\\");
  font-display: auto;
  unicode-range: U+0000-00FF, U+0131, U+0152-0153, U+02BB-02BC, U+02C6, U+02DA, U+02DC, U+2000-206F, U+2074, U+20AC, U+2122, U+2191, U+2193, U+2212, U+2215, U+FEFF, U+FFFD;
}
html,
body,
div,
span,
applet,
object,
iframe,
h1,
h2,
h3,
h4,
h5,
h6,
p,
blockquote,
pre,
a,
abbr,
acronym,
address,
big,
cite,
code,
del,
dfn,
em,
img,
ins,
kbd,
q,
s,
samp,
small,
strike,
strong,
sub,
sup,
tt,
var,
b,
u,
i,
center,
dl,
dt,
dd,
ol,
ul,
li,
fieldset,
form,
label,
legend,
table,
caption,
tbody,
tfoot,
thead,
tr,
th,
td,
article,
aside,
canvas,
details,
embed,
figure,
figcaption,
footer,
header,
hgroup,
menu,
nav,
output,
ruby,
section,
summary,
time,
mark,
audio,
video {
  margin: 0;
  padding: 0;
  font: inherit;
  font-size: 100%;
  vertical-align: baseline;
  border: 0;
}

button,
select,
input,
textarea {
  font-family: inherit;
  border-radius: 0;
}

input[type=text]::-ms-clear {
  display: none;
}

/* HTML5 display-role reset for older browsers */
article,
aside,
details,
figcaption,
figure,
footer,
header,
hgroup,
main,
menu,
nav,
section {
  display: block;
}

body {
  line-height: 1;
}

sup {
  vertical-align: super;
}

sub {
  vertical-align: sub;
}

ol,
ul {
  list-style: none;
}

blockquote,
q {
  quotes: none;
}

blockquote::before,
blockquote::after,
q::before,
q::after {
  content: \\"\\";
}

table {
  border-collapse: collapse;
  border-spacing: 0;
}

* {
  box-sizing: border-box;
}

button {
  margin: 0;
}

html {
  font-size: 100%;
}

body {
  font-weight: 400;
  font-family: \\"IBM Plex Sans\\", \\"Helvetica Neue\\", Arial, sans-serif;
  text-rendering: optimizeLegibility;
  -webkit-font-smoothing: antialiased;
  -moz-osx-font-smoothing: grayscale;
}

code {
  font-family: \\"IBM Plex Mono\\", \\"Menlo\\", \\"DejaVu Sans Mono\\", \\"Bitstream Vera Sans Mono\\", Courier, monospace;
}

strong {
  font-weight: 600;
}

@media screen and (-ms-high-contrast: active) {
  svg {
    fill: ButtonText;
  }
}
h1 {
  font-size: 2.625rem;
  font-weight: 300;
  line-height: 1.199;
  letter-spacing: 0;
}

h2 {
  font-size: 2rem;
  font-weight: 400;
  line-height: 1.25;
  letter-spacing: 0;
}

h3 {
  font-size: 1.75rem;
  font-weight: 400;
  line-height: 1.29;
  letter-spacing: 0;
}

h4 {
  font-size: 1.25rem;
  font-weight: 400;
  line-height: 1.4;
  letter-spacing: 0;
}

h5 {
  font-size: 1rem;
  font-weight: 600;
  line-height: 1.375;
  letter-spacing: 0;
}

h6 {
  font-size: 0.875rem;
  font-weight: 600;
  line-height: 1.29;
  letter-spacing: 0.16px;
}

p {
  font-size: 1rem;
  font-weight: 400;
  line-height: 1.5;
  letter-spacing: 0;
}

a {
  color: #0f62fe;
}

em {
  font-style: italic;
}

@keyframes skeleton {
  0% {
    transform: scaleX(0);
    transform-origin: left;
    opacity: 0.3;
  }
  20% {
    transform: scaleX(1);
    transform-origin: left;
    opacity: 1;
  }
  28% {
    transform: scaleX(1);
    transform-origin: right;
  }
  51% {
    transform: scaleX(0);
    transform-origin: right;
  }
  58% {
    transform: scaleX(0);
    transform-origin: right;
  }
  82% {
    transform: scaleX(1);
    transform-origin: right;
  }
  83% {
    transform: scaleX(1);
    transform-origin: left;
  }
  96% {
    transform: scaleX(0);
    transform-origin: left;
  }
  100% {
    transform: scaleX(0);
    transform-origin: left;
    opacity: 0.3;
  }
}
html,
body,
div,
span,
applet,
object,
iframe,
h1,
h2,
h3,
h4,
h5,
h6,
p,
blockquote,
pre,
a,
abbr,
acronym,
address,
big,
cite,
code,
del,
dfn,
em,
img,
ins,
kbd,
q,
s,
samp,
small,
strike,
strong,
sub,
sup,
tt,
var,
b,
u,
i,
center,
dl,
dt,
dd,
ol,
ul,
li,
fieldset,
form,
label,
legend,
table,
caption,
tbody,
tfoot,
thead,
tr,
th,
td,
article,
aside,
canvas,
details,
embed,
figure,
figcaption,
footer,
header,
hgroup,
menu,
nav,
output,
ruby,
section,
summary,
time,
mark,
audio,
video {
  margin: 0;
  padding: 0;
  font: inherit;
  font-size: 100%;
  vertical-align: baseline;
  border: 0;
}

button,
select,
input,
textarea {
  font-family: inherit;
  border-radius: 0;
}

input[type=text]::-ms-clear {
  display: none;
}

/* HTML5 display-role reset for older browsers */
article,
aside,
details,
figcaption,
figure,
footer,
header,
hgroup,
main,
menu,
nav,
section {
  display: block;
}

body {
  line-height: 1;
}

sup {
  vertical-align: super;
}

sub {
  vertical-align: sub;
}

ol,
ul {
  list-style: none;
}

blockquote,
q {
  quotes: none;
}

blockquote::before,
blockquote::after,
q::before,
q::after {
  content: \\"\\";
}

table {
  border-collapse: collapse;
  border-spacing: 0;
}

* {
  box-sizing: border-box;
}

button {
  margin: 0;
}

html {
  font-size: 100%;
}

body {
  font-weight: 400;
  font-family: \\"IBM Plex Sans\\", \\"Helvetica Neue\\", Arial, sans-serif;
  text-rendering: optimizeLegibility;
  -webkit-font-smoothing: antialiased;
  -moz-osx-font-smoothing: grayscale;
}

code {
  font-family: \\"IBM Plex Mono\\", \\"Menlo\\", \\"DejaVu Sans Mono\\", \\"Bitstream Vera Sans Mono\\", Courier, monospace;
}

strong {
  font-weight: 600;
}

@media screen and (-ms-high-contrast: active) {
  svg {
    fill: ButtonText;
  }
}
h1 {
  font-size: 2.625rem;
  font-weight: 300;
  line-height: 1.199;
  letter-spacing: 0;
}

h2 {
  font-size: 2rem;
  font-weight: 400;
  line-height: 1.25;
  letter-spacing: 0;
}

h3 {
  font-size: 1.75rem;
  font-weight: 400;
  line-height: 1.29;
  letter-spacing: 0;
}

h4 {
  font-size: 1.25rem;
  font-weight: 400;
  line-height: 1.4;
  letter-spacing: 0;
}

h5 {
  font-size: 1rem;
  font-weight: 600;
  line-height: 1.375;
  letter-spacing: 0;
}

h6 {
  font-size: 0.875rem;
  font-weight: 600;
  line-height: 1.29;
  letter-spacing: 0.16px;
}

p {
  font-size: 1rem;
  font-weight: 400;
  line-height: 1.5;
  letter-spacing: 0;
}

a {
  color: #0f62fe;
}

em {
  font-style: italic;
}

body {
  box-sizing: border-box;
  margin: 0;
  padding: 0;
  font-size: 100%;
  font-family: inherit;
  vertical-align: baseline;
  border: 0;
  font-size: 0.875rem;
  font-weight: 400;
  line-height: 1.29;
  letter-spacing: 0.16px;
  color: #161616;
  line-height: 1;
  background-color: #ffffff;
}
body *,
body *::before,
body *::after {
  box-sizing: inherit;
}"
`;
